route_aggregator.adb:709:07: medium: unexpected exception might be raised
route_aggregator.ads:354:14: high: all paths in "Euclidean_Plan" raise exceptions or do not terminate normally
